// Jest Snapshot v1, https://goo.gl/fbAQLP

exports[`Nav Component should match snapshot 1`] = `
<DocumentFragment>
  <nav
    class="indexstyles__StyledNav-mi8ir5-0 gfWmhc"
  >
    <ul
      class="indexstyles__StyledUl-mi8ir5-1 hfekUk"
    >
      <li
        class="indexstyles__StyledLi-mi8ir5-2 gaXxcC"
      >
        <a
          class="indexstyles__StyledAnchor-mi8ir5-3 hUFsIF"
          href="/"
        >
          Home
        </a>
      </li>
      <li
        class="indexstyles__StyledLi-mi8ir5-2 gaXxcC"
      >
        <a
          class="indexstyles__StyledAnchor-mi8ir5-3 hUFsIF"
          href="https://zeit.co/now"
        >
          ZEIT
        </a>
      </li>
      <li
        class="indexstyles__StyledLi-mi8ir5-2 gaXxcC"
      >
        <a
          class="indexstyles__StyledAnchor-mi8ir5-3 hUFsIF"
          href="https://github.com/zeit/next.js"
        >
          GitHub
        </a>
      </li>
    </ul>
  </nav>
</DocumentFragment>
`;
